// Vitest Snapshot v1, https://vitest.dev/guide/snapshot.html

exports[`/[userId] > Fetch user profile > should return a 404 if the user does not exist 1`] = `
{
  "message": "User not found",
}
`;

exports[`/[userId] > Fetch user profile > should return a full profile if the user is a global admin 1`] = `
{
  "admin": false,
  "createdAt": Any<String>,
  "email": "targetUser@example.com",
  "firstName": "Test",
  "id": Any<String>,
  "isMe": false,
  "jobCount": 0,
  "jobs": [],
  "lastName": "User",
  "name": "Test User",
  "shopCount": 1,
  "shops": [
    {
      "accountTitle": null,
      "accountType": "CUSTOMER",
      "createdAt": "2024-11-19T18:10:12.450Z",
      "shop": {
        "address": null,
        "color": null,
        "createdAt": "2024-11-19T18:10:12.446Z",
        "description": null,
        "email": null,
        "id": "cm3ors8ke000gpgj980tqi2hy",
        "imageUrl": null,
        "logoKey": null,
        "logoName": null,
        "logoUrl": null,
        "name": "TestShop",
        "phone": null,
        "startingDeposit": null,
        "updatedAt": "2024-11-19T18:10:12.446Z",
        "website": null,
      },
    },
  ],
  "suspended": false,
  "suspensionReason": null,
  "updatedAt": Any<String>,
}
`;

exports[`/[userId] > Fetch user profile > should return basic information if the user is not a global admin 1`] = `
{
  "firstName": "Test",
  "id": Any<String>,
  "lastName": "User",
  "name": "Test User",
}
`;

exports[`/[userId] > Fetch user profile > should return logs if includeLogs is true 1`] = `
{
  "admin": false,
  "createdAt": Any<String>,
  "email": "targetUser@example.com",
  "firstName": "Test",
  "id": Any<String>,
  "isMe": false,
  "jobCount": 0,
  "jobs": [],
  "lastName": "User",
  "logs": [
    {
      "billingGroupId": null,
      "billingGroupInvitationLinkId": null,
      "commentId": null,
      "createdAt": "2024-11-19T18:10:12.492Z",
      "from": null,
      "id": "cm3ors8ln000rpgj9txjnatyk",
      "job": null,
      "jobId": null,
      "jobItem": null,
      "jobItemId": null,
      "ledgerItemId": null,
      "material": null,
      "materialId": null,
      "materialImage": null,
      "materialImageId": null,
      "message": null,
      "resource": null,
      "resourceId": null,
      "resourceImage": null,
      "resourceImageId": null,
      "resourceType": null,
      "resourceTypeId": null,
      "shop": null,
      "shopId": null,
      "to": null,
      "type": "USER_LOGIN",
      "updatedAt": "2024-11-19T18:10:12.492Z",
      "user": {
        "firstName": "Test",
        "lastName": "User",
      },
      "userBillingGroupId": null,
      "userId": "cm3ors8ln000qpgj90j0b79uo",
    },
  ],
  "name": "Test User",
  "shopCount": 0,
  "shops": [],
  "suspended": false,
  "suspensionReason": null,
  "updatedAt": Any<String>,
}
`;
