// Vitest Snapshot v1, https://vitest.dev/guide/snapshot.html

exports[`/users > GET > Should return a list of users if the user is a global admin 1`] = `
{
  "meta": {
    "count": 1,
    "offset": 0,
    "total": 1,
  },
  "users": [
    {
      "admin": true,
      "createdAt": Any<String>,
      "email": "test@email.com",
      "firstName": "TestFirstName",
      "id": Any<String>,
      "isMe": true,
      "jobCount": 0,
      "lastName": "TestLastName",
      "name": "TestFirstName TestLastName",
      "shopCount": 0,
      "suspended": false,
      "suspensionReason": null,
      "updatedAt": Any<String>,
    },
  ],
}
`;
