// Vitest Snapshot v1, https://vitest.dev/guide/snapshot.html

exports[`/shop/[shopId]/user > GET > returns a list of users for global admins 1`] = `
{
  "firstName": "TestFirstName",
  "id": Any<String>,
  "lastName": "TestLastName",
  "name": "TestFirstName TestLastName",
}
`;

exports[`/shop/[shopId]/user > GET > returns a list of users for group admins 1`] = `
{
  "firstName": "TestFirstName",
  "id": Any<String>,
  "lastName": "TestLastName",
  "name": "TestFirstName TestLastName",
}
`;

exports[`/shop/[shopId]/user > GET > returns a list of users for operators 1`] = `
{
  "firstName": "TestFirstName",
  "id": Any<String>,
  "lastName": "TestLastName",
  "name": "TestFirstName TestLastName",
}
`;

exports[`/shop/[shopId]/user > GET > returns a list of users for shop-level admins 1`] = `
{
  "firstName": "TestFirstName",
  "id": Any<String>,
  "lastName": "TestLastName",
  "name": "TestFirstName TestLastName",
}
`;
